cargo.exe : warning: profiles for the non root package will be ignored, specify profiles at the workspace 
root:
At line:1 char:1
+ & C:\Users\hippa\.cargo\bin\cargo.exe +nightly-2025-01-15 build -p ke ...
+ ~~~~~~~~~~~~~~~~~~~~~~~~~~~~~~~~~~~~~~~~~~~~~~~~~~~~~~~~~~~~~~~~~~~~~
    + CategoryInfo          : NotSpecified: (warning: profil...workspace root::String) [], RemoteException
    + FullyQualifiedErrorId : NativeCommandError
 
package:   C:\Users\hippa\src\webbOs\bootloader\Cargo.toml
workspace: C:\Users\hippa\src\webbOs\Cargo.toml
warning: profiles for the non root package will be ignored, specify profiles at the workspace root:
package:   C:\Users\hippa\src\webbOs\kernel\Cargo.toml
workspace: C:\Users\hippa\src\webbOs\Cargo.toml
   Compiling kernel v0.1.0 (C:\Users\hippa\src\webbOs\kernel)
warning: unused import: `spin::Mutex`
 --> kernel\src\fs\ext2\mod.rs:9:5
  |
9 | use spin::Mutex;
  |     ^^^^^^^^^^^
  |
  = note: `#[warn(unused_imports)]` on by default

warning: unused import: `StorageError`
  --> kernel\src\fs\ext2\mod.rs:12:35
   |
12 | use crate::storage::{BlockDevice, StorageError};
   |                                   ^^^^^^^^^^^^

warning: unnecessary parentheses around function argument
   --> kernel\src\fs\fat32\mod.rs:157:40
    |
157 |         let mut fat_buffer = vec![0u8; (sectors_per_fat as usize * bytes_per_sector as usize)];
    |                                        ^                                                    ^
    |
    = note: `#[warn(unused_parens)]` on by default
help: remove these parentheses
    |
157 -         let mut fat_buffer = vec![0u8; (sectors_per_fat as usize * bytes_per_sector as usize)];
157 +         let mut fat_buffer = vec![0u8; sectors_per_fat as usize * bytes_per_sector as usize];
    |

warning: unused doc comment
   --> kernel\src\net\mod.rs:289:1
    |
289 | /// Global network interfaces
    | ^^^^^^^^^^^^^^^^^^^^^^^^^^^^^ rustdoc does not generate documentation for macro invocations
    |
    = help: to document an item produced by a macro, the macro must produce the documentation as part of its 
expansion
    = note: `#[warn(unused_doc_comments)]` on by default

warning: unused doc comment
   --> kernel\src\net\mod.rs:434:1
    |
434 | /// Global network configuration
    | ^^^^^^^^^^^^^^^^^^^^^^^^^^^^^^^^ rustdoc does not generate documentation for macro invocations
    |
    = help: to document an item produced by a macro, the macro must produce the documentation as part of its 
expansion

warning: unused imports: `read_config16` and `read_config8`
  --> kernel\src\net\drivers\virtio_net.rs:14:27
   |
14 | use crate::drivers::pci::{read_config8, read_config16, read_config32};
   |                           ^^^^^^^^^^^^  ^^^^^^^^^^^^^

warning: unused import: `phys_to_virt`
  --> kernel\src\net\drivers\virtio_net.rs:15:17
   |
15 | use crate::mm::{phys_to_virt, virt_to_phys_u64};
   |                 ^^^^^^^^^^^^

warning: unnecessary parentheses around method argument
   --> kernel\src\net\drivers\virtio_net.rs:148:55
    |
148 |                 let desc = &mut *self.descriptors.add(((start_idx as usize + i) % self.queue_size as 
usize));
    |                                                       ^                                                
   ^
    |
help: remove these parentheses
    |
148 -                 let desc = &mut *self.descriptors.add(((start_idx as usize + i) % self.queue_size as 
usize));
148 +                 let desc = &mut *self.descriptors.add((start_idx as usize + i) % self.queue_size as 
usize);
    |

warning: unnecessary parentheses around block return value
   --> kernel\src\net\drivers\virtio_net.rs:153:21
    |
153 |                     ((start_idx + i as u16 + 1) % self.queue_size)
    |                     ^                                            ^
    |
help: remove these parentheses
    |
153 -                     ((start_idx + i as u16 + 1) % self.queue_size)
153 +                     (start_idx + i as u16 + 1) % self.queue_size
    |

warning: unused doc comment
   --> kernel\src\net\tcp.rs:175:1
    |
175 | /// TCP socket table
    | ^^^^^^^^^^^^^^^^^^^^ rustdoc does not generate documentation for macro invocations
    |
    = help: to document an item produced by a macro, the macro must produce the documentation as part of its 
expansion

warning: unused doc comment
  --> kernel\src\net\udp.rs:94:1
   |
94 | /// UDP socket table
   | ^^^^^^^^^^^^^^^^^^^^ rustdoc does not generate documentation for macro invocations
   |
   = help: to document an item produced by a macro, the macro must produce the documentation as part of its 
expansion

warning: unused import: `alloc::vec::Vec`
 --> kernel\src\net\ip.rs:6:5
  |
6 | use alloc::vec::Vec;
  |     ^^^^^^^^^^^^^^^

warning: unused import: `crate::println`
 --> kernel\src\net\ip.rs:8:5
  |
8 | use crate::println;
  |     ^^^^^^^^^^^^^^

warning: unused doc comment
  --> kernel\src\net\arp.rs:84:1
   |
84 | /// ARP cache
   | ^^^^^^^^^^^^^ rustdoc does not generate documentation for macro invocations
   |
   = help: to document an item produced by a macro, the macro must produce the documentation as part of its 
expansion

warning: unused import: `alloc::vec::Vec`
 --> kernel\src\net\dhcp.rs:6:5
  |
6 | use alloc::vec::Vec;
  |     ^^^^^^^^^^^^^^^

warning: unused import: `IpProtocol`
 --> kernel\src\net\dhcp.rs:8:37
  |
8 | use crate::net::{Ipv4Address, Port, IpProtocol, udp, NetworkConfig};
  |                                     ^^^^^^^^^^

warning: unused doc comment
  --> kernel\src\net\socket.rs:95:1
   |
95 | /// Socket table
   | ^^^^^^^^^^^^^^^^ rustdoc does not generate documentation for macro invocations
   |
   = help: to document an item produced by a macro, the macro must produce the documentation as part of its 
expansion

warning: unused import: `alloc::string::String`
 --> kernel\src\net\socket.rs:7:5
  |
7 | use alloc::string::String;
  |     ^^^^^^^^^^^^^^^^^^^^^

warning: unused import: `crate::net`
  --> kernel\src\net\socket.rs:12:5
   |
12 | use crate::net;
   |     ^^^^^^^^^^

warning: unused doc comment
   --> kernel\src\net\http\mod.rs:541:1
    |
541 | /// Global HTTP client
    | ^^^^^^^^^^^^^^^^^^^^^^ rustdoc does not generate documentation for macro invocations
    |
    = help: to document an item produced by a macro, the macro must produce the documentation as part of its 
expansion

warning: unused import: `alloc::vec`
 --> kernel\src\net\http\mod.rs:7:5
  |
7 | use alloc::vec;
  |     ^^^^^^^^^^

warning: unused import: `spin::Mutex`
 --> kernel\src\net\http\mod.rs:9:5
  |
9 | use spin::Mutex;
  |     ^^^^^^^^^^^

warning: unused import: `tcp`
  --> kernel\src\net\http\mod.rs:12:37
   |
12 | use crate::net::{Ipv4Address, Port, tcp, socket};
   |                                     ^^^

warning: unused import: `Socket`
  --> kernel\src\net\http\mod.rs:13:26
   |
13 | use crate::net::socket::{Socket, SocketDomain, SocketType, SocketProtocol};
   |                          ^^^^^^

warning: unused import: `TlsError`
  --> kernel\src\net\http\mod.rs:14:33
   |
14 | use crate::tls::{TlsConnection, TlsError};
   |                                 ^^^^^^^^

warning: unused doc comment
   --> kernel\src\browser\mod.rs:284:1
    |
284 | /// Global browser instance
    | ^^^^^^^^^^^^^^^^^^^^^^^^^^^ rustdoc does not generate documentation for macro invocations
    |
    = help: to document an item produced by a macro, the macro must produce the documentation as part of its 
expansion

warning: unused import: `alloc::vec`
 --> kernel\src\browser\mod.rs:7:5
  |
7 | use alloc::vec;
  |     ^^^^^^^^^^

warning: unused import: `alloc::boxed::Box`
 --> kernel\src\browser\html.rs:7:5
  |
7 | use alloc::boxed::Box;
  |     ^^^^^^^^^^^^^^^^^

warning: unused import: `alloc::boxed::Box`
 --> kernel\src\browser\wasm.rs:9:5
  |
9 | use alloc::boxed::Box;
  |     ^^^^^^^^^^^^^^^^^

warning: unused import: `alloc::vec`
 --> kernel\src\browser\layout.rs:6:5
  |
6 | use alloc::vec;
  |     ^^^^^^^^^^

warning: unused imports: `Color`, `FontWeight`, and `TextAlign`
 --> kernel\src\browser\render.rs:9:62
  |
9 | use crate::browser::layout::{LayoutBox, LayoutTree, BoxType, Color, TextAlign, FontWeight};
  |                                                              ^^^^^  ^^^^^^^^^  ^^^^^^^^^^

warning: unused doc comment
  --> kernel\src\storage\mod.rs:75:1
   |
75 | /// Global block device list
   | ^^^^^^^^^^^^^^^^^^^^^^^^^^^^ rustdoc does not generate documentation for macro invocations
   |
   = help: to document an item produced by a macro, the macro must produce the documentation as part of its 
expansion

warning: unused import: `alloc::vec`
 --> kernel\src\storage\mod.rs:6:5
  |
6 | use alloc::vec;
  |     ^^^^^^^^^^

warning: unused import: `alloc::vec::Vec`
 --> kernel\src\storage\ata.rs:6:5
  |
6 | use alloc::vec::Vec;
  |     ^^^^^^^^^^^^^^^

warning: unused import: `alloc::string::String`
 --> kernel\src\storage\ata.rs:8:5
  |
8 | use alloc::string::String;
  |     ^^^^^^^^^^^^^^^^^^^^^

warning: unused import: `spin::Mutex`
 --> kernel\src\storage\ata.rs:9:5
  |
9 | use spin::Mutex;
  |     ^^^^^^^^^^^

warning: unused import: `core::mem::size_of`
 --> kernel\src\storage\ahci.rs:7:5
  |
7 | use core::mem::size_of;
  |     ^^^^^^^^^^^^^^^^^^

warning: unused import: `PciDevice`
  --> kernel\src\storage\ahci.rs:10:33
   |
10 | use crate::drivers::pci::{self, PciDevice};
   |                                 ^^^^^^^^^

warning: unused import: `alloc::vec`
 --> kernel\src\storage\nvme.rs:5:5
  |
5 | use alloc::vec;
  |     ^^^^^^^^^^

warning: unused import: `alloc::vec::Vec`
 --> kernel\src\storage\nvme.rs:6:5
  |
6 | use alloc::vec::Vec;
  |     ^^^^^^^^^^^^^^^

warning: unused import: `alloc::string::String`
 --> kernel\src\storage\nvme.rs:8:5
  |
8 | use alloc::string::String;
  |     ^^^^^^^^^^^^^^^^^^^^^

warning: unused import: `PciDevice`
  --> kernel\src\storage\nvme.rs:11:33
   |
11 | use crate::drivers::pci::{self, PciDevice};
   |                                 ^^^^^^^^^

warning: unused import: `crate::drivers::pci::PciDevice`
  --> kernel\src\storage\mod.rs:16:5
   |
16 | use crate::drivers::pci::PciDevice;
   |     ^^^^^^^^^^^^^^^^^^^^^^^^^^^^^^

warning: unused import: `Sha256`
 --> kernel\src\crypto\hkdf\mod.rs:6:35
  |
6 | use crate::crypto::sha256::{self, Sha256, DIGEST_SIZE};
  |                                   ^^^^^^

warning: unused import: `alloc::boxed::Box`
 --> kernel\src\tls\mod.rs:6:5
  |
6 | use alloc::boxed::Box;
  |     ^^^^^^^^^^^^^^^^^

warning: unused imports: `Sha256` and `self`
 --> kernel\src\tls\mod.rs:8:29
  |
8 | use crate::crypto::sha256::{self, Sha256};
  |                             ^^^^  ^^^^^^

warning: unused imports: `PrivateKey` and `PublicKey`
  --> kernel\src\tls\mod.rs:11:35
   |
11 | use crate::crypto::x25519::{self, PrivateKey, PublicKey, SharedSecret};
   |                                   ^^^^^^^^^^  ^^^^^^^^^

warning: unused doc comment
   --> kernel\src\graphics\mod.rs:316:1
    |
316 | /// Global graphics context
    | ^^^^^^^^^^^^^^^^^^^^^^^^^^^ rustdoc does not generate documentation for macro invocations
    |
    = help: to document an item produced by a macro, the macro must produce the documentation as part of its 
expansion

warning: unused import: `alloc::boxed::Box`
 --> kernel\src\graphics\mod.rs:7:5
  |
7 | use alloc::boxed::Box;
  |     ^^^^^^^^^^^^^^^^^

error[E0308]: mismatched types
   --> kernel\src\net\http\mod.rs:513:13
    |
512 |         match ip {
    |               -- this expression has type `Ipv4Address`
513 |             crate::net::IpAddress::V4(ipv4) => Ok(ipv4),
    |             ^^^^^^^^^^^^^^^^^^^^^^^^^^^^^^^ expected `Ipv4Address`, found `IpAddress`

error[E0599]: no method named `sqrt` found for type `f32` in the current scope
   --> kernel\src\graphics\mod.rs:158:59
    |
158 |             let dx = ((radius * radius - dy * dy) as f32).sqrt() as i32;
    |                                                           ^^^^ method not found in `f32`

error[E0308]: mismatched types
   --> kernel\src\graphics\mod.rs:192:45
    |
192 | ...                   (y + (row * scale + sy) as i32) as u32,
    |                                   ^^^^^ expected `usize`, found `u32`

error[E0277]: cannot multiply `usize` by `u32`
   --> kernel\src\graphics\mod.rs:192:43
    |
192 | ...                   (y + (row * scale + sy) as i32) as u32,
    |                                 ^ no implementation for `usize * u32`
    |
    = help: the trait `Mul<u32>` is not implemented for `usize`
    = help: the following other types implement trait `Mul<Rhs>`:
              `&usize` implements `Mul<usize>`
              `&usize` implements `Mul`
              `usize` implements `Mul<&usize>`
              `usize` implements `Mul`

error[E0308]: mismatched types
   --> kernel\src\graphics\mod.rs:192:53
    |
192 | ...                   (y + (row * scale + sy) as i32) as u32,
    |                                           ^^ expected `usize`, found `u32`

error[E0277]: cannot add `u32` to `usize`
   --> kernel\src\graphics\mod.rs:192:51
    |
192 | ...                   (y + (row * scale + sy) as i32) as u32,
    |                                         ^ no implementation for `usize + u32`
    |
    = help: the trait `Add<u32>` is not implemented for `usize`
    = help: the following other types implement trait `Add<Rhs>`:
              `&usize` implements `Add<usize>`
              `&usize` implements `Add`
              `usize` implements `Add<&usize>`
              `usize` implements `Add`

error[E0308]: mismatched types
   --> kernel\src\main.rs:282:20
    |
282 |             if let Err(_) = net::dns::resolve("example.com") {
    |                    ^^^^^^   -------------------------------- this expression has type 
`Option<Ipv4Address>`
    |                    |
    |                    expected `Option<Ipv4Address>`, found `Result<_, _>`
    |
    = note: expected enum `Option<Ipv4Address>`
               found enum `Result<_, _>`

warning: unused variable: `level_4_table_ptr`
   --> kernel\src\arch\paging.rs:364:9
    |
364 |     let level_4_table_ptr = (phys_addr + physical_memory_offset) as *const PageTable;
    |         ^^^^^^^^^^^^^^^^^ help: if this is intentional, prefix it with an underscore: 
`_level_4_table_ptr`
    |
    = note: `#[warn(unused_variables)]` on by default

warning: unused variable: `arg4`
   --> kernel\src\syscall\mod.rs:281:5
    |
281 |     arg4: u64,
    |     ^^^^ help: if this is intentional, prefix it with an underscore: `_arg4`

warning: unused variable: `arg5`
   --> kernel\src\syscall\mod.rs:282:5
    |
282 |     arg5: u64,
    |     ^^^^ help: if this is intentional, prefix it with an underscore: `_arg5`

warning: variable does not need to be mutable
   --> kernel\src\fs\fat32\mod.rs:212:13
    |
212 |         let mut cluster_offset = (offset / self.bytes_per_cluster as u64) as u32;
    |             ----^^^^^^^^^^^^^^
    |             |
    |             help: remove this `mut`
    |
    = note: `#[warn(unused_mut)]` on by default

warning: variable does not need to be mutable
   --> kernel\src\fs\fat32\mod.rs:213:13
    |
213 |         let mut byte_offset = (offset % self.bytes_per_cluster as u64) as usize;
    |             ----^^^^^^^^^^^
    |             |
    |             help: remove this `mut`

warning: unused variable: `avail`
   --> kernel\src\net\drivers\virtio_net.rs:322:24
    |
322 |             let (desc, avail, used) = rx_queue.get_phys();
    |                        ^^^^^ help: if this is intentional, prefix it with an underscore: `_avail`

warning: unused variable: `used`
   --> kernel\src\net\drivers\virtio_net.rs:322:31
    |
322 |             let (desc, avail, used) = rx_queue.get_phys();
    |                               ^^^^ help: if this is intentional, prefix it with an underscore: `_used`

warning: unused variable: `avail`
   --> kernel\src\net\drivers\virtio_net.rs:331:24
    |
331 |             let (desc, avail, used) = tx_queue.get_phys();
    |                        ^^^^^ help: if this is intentional, prefix it with an underscore: `_avail`

warning: unused variable: `used`
   --> kernel\src\net\drivers\virtio_net.rs:331:31
    |
331 |             let (desc, avail, used) = tx_queue.get_phys();
    |                               ^^^^ help: if this is intentional, prefix it with an underscore: `_used`

warning: variable does not need to be mutable
   --> kernel\src\net\drivers\virtio_net.rs:353:13
    |
353 |         let mut device = Self {
    |             ----^^^^^^
    |             |
    |             help: remove this `mut`

warning: unused variable: `dst`
   --> kernel\src\net\udp.rs:109:45
    |
109 | pub fn process_udp_packet(src: Ipv4Address, dst: Ipv4Address, data: &[u8]) {
    |                                             ^^^ help: if this is intentional, prefix it with an 
underscore: `_dst`

warning: unused variable: `code`
   --> kernel\src\net\ip.rs:291:9
    |
291 |     let code = data[1];
    |         ^^^^ help: if this is intentional, prefix it with an underscore: `_code`

warning: unused variable: `dst`
   --> kernel\src\net\ip.rs:285:42
    |
285 | fn process_icmp_packet(src: Ipv4Address, dst: Ipv4Address, data: &[u8]) {
    |                                          ^^^ help: if this is intentional, prefix it with an 
underscore: `_dst`

error[E0382]: borrow of moved value: `body`
   --> kernel\src\net\http\mod.rs:242:25
    |
220 |         let body = if let Some(len_str) = headers.get("content-length") {
    |             ---- move occurs because `body` has type `Vec<u8>`, which does not implement the `Copy` 
trait
...
241 |             body,
    |             ---- value moved here
242 |         }, body_start + body.len()))
    |                         ^^^^ value borrowed here after move
    |
help: consider cloning the value if the performance cost is acceptable
    |
241 |             body: body.clone(),
    |                 ++++++++++++++

warning: unused variable: `addr`
   --> kernel\src\net\http\mod.rs:382:13
    |
382 |         let addr = crate::net::SocketAddr::new_v4(ip, Port::new(req.url.port));
    |             ^^^^ help: if this is intentional, prefix it with an underscore: `_addr`

warning: unused variable: `dst_mac`
   --> kernel\src\net\mod.rs:382:9
    |
382 |     let dst_mac = MacAddress::new([data[0], data[1], data[2], data[3], data[4], data[5]]);
    |         ^^^^^^^ help: if this is intentional, prefix it with an underscore: `_dst_mac`

warning: variable does not need to be mutable
   --> kernel\src\browser\html.rs:362:33
    |
362 |                     if let Some(mut elem) = self.stack.pop() {
    |                                 ----^^^^
    |                                 |
    |                                 help: remove this `mut`

warning: unused variable: `types`
   --> kernel\src\browser\wasm.rs:435:42
    |
435 |     fn parse_function_section(&mut self, types: &[FuncType]) -> Result<Vec<Function>, BrowserError> {
    |                                          ^^^^^ help: if this is intentional, prefix it with an 
underscore: `_types`

warning: unused variable: `insts`
   --> kernel\src\browser\wasm.rs:512:13
    |
512 |         let insts = self.parse_instruction_sequence()?;
    |             ^^^^^ help: if this is intentional, prefix it with an underscore: `_insts`

warning: unused variable: `opcode`
   --> kernel\src\browser\wasm.rs:526:22
    |
526 |                 Some(opcode) => {
    |                      ^^^^^^ help: if this is intentional, prefix it with an underscore: `_opcode`

warning: unused variable: `containing_block`
   --> kernel\src\browser\layout.rs:379:56
    |
379 | fn calculate_inline_layout(layout_box: &mut LayoutBox, containing_block: &Dimensions) {
    |                                                        ^^^^^^^^^^^^^^^^ help: if this is intentional, 
prefix it with an underscore: `_containing_block`

warning: unused variable: `containing_block`
   --> kernel\src\browser\layout.rs:398:62
    |
398 | fn calculate_inline_block_layout(layout_box: &mut LayoutBox, containing_block: &Dimensions) {
    |                                                              ^^^^^^^^^^^^^^^^ help: if this is 
intentional, prefix it with an underscore: `_containing_block`

warning: unused variable: `url`
   --> kernel\src\browser\mod.rs:145:26
    |
145 |     fn fetch_http(&self, url: &Url, _tls: bool) -> Result<Vec<u8>, BrowserError> {
    |                          ^^^ help: if this is intentional, prefix it with an underscore: `_url`

warning: unused variable: `doorbell_stride`
   --> kernel\src\storage\nvme.rs:165:13
    |
165 |         let doorbell_stride = 4 << ((cap >> 32) & 0xF); // DSTRD field
    |             ^^^^^^^^^^^^^^^ help: if this is intentional, prefix it with an underscore: 
`_doorbell_stride`

warning: unused variable: `d`
   --> kernel\src\storage\mod.rs:118:40
    |
118 |     BLOCK_DEVICES.lock().get(idx).map(|d| {
    |                                        ^ help: if this is intentional, prefix it with an underscore: 
`_d`

warning: unused variable: `nonce`
  --> kernel\src\crypto\aes\mod.rs:50:9
   |
50 |         nonce: &[u8],
   |         ^^^^^ help: if this is intentional, prefix it with an underscore: `_nonce`

warning: unused variable: `aad`
  --> kernel\src\crypto\aes\mod.rs:51:9
   |
51 |         aad: &[u8],
   |         ^^^ help: if this is intentional, prefix it with an underscore: `_aad`

warning: unused variable: `tag`
   --> kernel\src\crypto\chacha20\mod.rs:369:9
    |
369 |     let tag = ChaCha20Poly1305::encrypt_in_place(&key, &nonce, aad, &mut encrypted);
    |         ^^^ help: if this is intentional, prefix it with an underscore: `_tag`

warning: variable does not need to be mutable
   --> kernel\src\crypto\x25519\mod.rs:119:9
    |
119 |     let mut base = *a;
    |         ----^^^^
    |         |
    |         help: remove this `mut`

warning: variable does not need to be mutable
   --> kernel\src\crypto\x25519\mod.rs:249:9
    |
249 |     let mut x1 = fe_from_bytes(point);
    |         ----^^
    |         |
    |         help: remove this `mut`

warning: unused variable: `private_key`
   --> kernel\src\tls\mod.rs:202:14
    |
202 |         let (private_key, public_key) = x25519::generate_keypair();
    |              ^^^^^^^^^^^ help: if this is intentional, prefix it with an underscore: `_private_key`

warning: value assigned to `pos` is never read
   --> kernel\src\tls\mod.rs:274:9
    |
274 |         pos += 2;
    |         ^^^
    |
    = help: maybe it is overwritten before being read?
    = note: `#[warn(unused_assignments)]` on by default

warning: unused variable: `color_code`
  --> kernel\src\testing\mod.rs:73:17
   |
73 |             let color_code = match test.result {
   |                 ^^^^^^^^^^ help: if this is intentional, prefix it with an underscore: `_color_code`

Some errors have detailed explanations: E0277, E0308, E0382, E0599.
For more information about an error, try `rustc --explain E0277`.
warning: `kernel` (bin "kernel") generated 81 warnings
error: could not compile `kernel` (bin "kernel") due to 8 previous errors; 81 warnings emitted
